###############################################################################
#
# IAR ELF Linker V8.32.1.169/W32 for ARM                  25/Sep/2020  16:15:41
# Copyright 2007-2018 IAR Systems AB.
#
#    Output file  =  D:\test\uart_test\EWARM\uart_test\Exe\uart_test.out
#    Map file     =  D:\test\uart_test\EWARM\uart_test\List\uart_test.map
#    Command line =  
#        -f C:\Users\HUYCHO~1\AppData\Local\Temp\EW8569.tmp
#        (D:\test\uart_test\EWARM\uart_test\Obj\main.o
#        D:\test\uart_test\EWARM\uart_test\Obj\startup_stm32f401xc.o
#        D:\test\uart_test\EWARM\uart_test\Obj\stm32f4xx_hal.o
#        D:\test\uart_test\EWARM\uart_test\Obj\stm32f4xx_hal_cortex.o
#        D:\test\uart_test\EWARM\uart_test\Obj\stm32f4xx_hal_dma.o
#        D:\test\uart_test\EWARM\uart_test\Obj\stm32f4xx_hal_dma_ex.o
#        D:\test\uart_test\EWARM\uart_test\Obj\stm32f4xx_hal_exti.o
#        D:\test\uart_test\EWARM\uart_test\Obj\stm32f4xx_hal_flash.o
#        D:\test\uart_test\EWARM\uart_test\Obj\stm32f4xx_hal_flash_ex.o
#        D:\test\uart_test\EWARM\uart_test\Obj\stm32f4xx_hal_flash_ramfunc.o
#        D:\test\uart_test\EWARM\uart_test\Obj\stm32f4xx_hal_gpio.o
#        D:\test\uart_test\EWARM\uart_test\Obj\stm32f4xx_hal_msp.o
#        D:\test\uart_test\EWARM\uart_test\Obj\stm32f4xx_hal_pwr.o
#        D:\test\uart_test\EWARM\uart_test\Obj\stm32f4xx_hal_pwr_ex.o
#        D:\test\uart_test\EWARM\uart_test\Obj\stm32f4xx_hal_rcc.o
#        D:\test\uart_test\EWARM\uart_test\Obj\stm32f4xx_hal_rcc_ex.o
#        D:\test\uart_test\EWARM\uart_test\Obj\stm32f4xx_hal_tim.o
#        D:\test\uart_test\EWARM\uart_test\Obj\stm32f4xx_hal_tim_ex.o
#        D:\test\uart_test\EWARM\uart_test\Obj\stm32f4xx_hal_uart.o
#        D:\test\uart_test\EWARM\uart_test\Obj\stm32f4xx_it.o
#        D:\test\uart_test\EWARM\uart_test\Obj\system_stm32f4xx.o --redirect
#        _Printf=_PrintfFull --redirect _Scanf=_ScanfFull --no_out_extension -o
#        D:\test\uart_test\EWARM\uart_test\Exe\uart_test.out --map
#        D:\test\uart_test\EWARM\uart_test\List\uart_test.map --config
#        D:\test\uart_test\EWARM/stm32f401xc_flash.icf --semihosting --entry
#        __iar_program_start --vfe --text_out locale)
#
###############################################################################

*******************************************************************************
*** RUNTIME MODEL ATTRIBUTES
***

CppFlavor       = *
__SystemLibrary = DLib
__dlib_version  = 6


*******************************************************************************
*** HEAP SELECTION
***

The basic heap was selected because no calls to memory allocation
functions were found in the application outside of system library
functions, and there are calls to deallocation functions in the
application.


*******************************************************************************
*** PLACEMENT SUMMARY
***

"A0":  place at 0x800'0000 { ro section .intvec };
"P1":  place in [from 0x800'0000 to 0x803'ffff] { ro };
define block CSTACK with size = 1K, alignment = 8 { };
define block HEAP with size = 512, alignment = 8 { };
"P2":  place in [from 0x2000'0000 to 0x2000'ffff] {
          rw, block CSTACK, block HEAP };
initialize by copy { rw };

  Section            Kind         Address    Size  Object
  -------            ----         -------    ----  ------
"A0":                                       0x194
  .intvec            ro code   0x800'0000   0x194  startup_stm32f401xc.o [1]
                             - 0x800'0194   0x194

"P1":                                      0x18b5
  .text              ro code   0x800'0194   0x626  stm32f4xx_hal_uart.o [1]
  .text              ro code   0x800'07bc    0xbc  stm32f4xx_hal_msp.o [1]
  .text              ro code   0x800'0878   0x1ae  main.o [1]
  .text              ro code   0x800'0a28     0xc  stm32f4xx_hal.o [1]
  .text              ro code   0x800'0a34    0x24  stm32f4xx_hal_dma.o [1]
  .text              ro code   0x800'0a58     0x2  stm32f4xx_hal_uart.o [1]
  .text              ro code   0x800'0a5a     0x2  stm32f4xx_hal_uart.o [1]
  .text              ro code   0x800'0a5c     0x2  stm32f4xx_hal_uart.o [1]
  .text              ro code   0x800'0a60   0x284  stm32f4xx_hal_rcc.o [1]
  .text              ro code   0x800'0ce4   0x106  I64DivMod_small.o [4]
  .text              ro code   0x800'0dec     0x6  ABImemclr4.o [4]
  .text              ro code   0x800'0df4   0x2e0  stm32f4xx_hal_gpio.o [1]
  .text              ro code   0x800'10d4   0x12c  stm32f4xx_hal_cortex.o [1]
  .text              ro code   0x800'1200    0x34  stm32f4xx_hal.o [1]
  .text              ro code   0x800'1234   0x434  stm32f4xx_hal_rcc.o [1]
  .text              ro code   0x800'1668    0x40  stm32f4xx_hal.o [1]
  .text              ro code   0x800'16a8     0x2  I64DivZer.o [4]
  .text              ro code   0x800'16ac    0x32  ABImemset48.o [4]
  .rodata            const     0x800'16e0    0x4c  stm32f4xx_hal_cortex.o [1]
  .rodata            const     0x800'172c    0x48  stm32f4xx_hal_gpio.o [1]
  .rodata            const     0x800'1774    0x48  stm32f4xx_hal_rcc.o [1]
  .rodata            const     0x800'17bc    0x48  stm32f4xx_hal_uart.o [1]
  .text              ro code   0x800'1804    0x38  packbits_init_single.o [4]
  .text              ro code   0x800'183c    0x2c  system_stm32f4xx.o [1]
  .text              ro code   0x800'1868    0x28  data_init.o [4]
  .text              ro code   0x800'1890    0x22  fpinit_M.o [3]
  .iar.init_table    const     0x800'18b4    0x10  - Linker created -
  .text              ro code   0x800'18c4    0x20  stm32f4xx_it.o [1]
  .text              ro code   0x800'18e4    0x10  stm32f4xx_hal.o [1]
  .text              ro code   0x800'18f4    0x1e  cmain.o [4]
  .text              ro code   0x800'1912     0x4  low_level_init.o [2]
  .text              ro code   0x800'1916     0x4  exit.o [2]
  .text              ro code   0x800'191c     0xa  cexit.o [4]
  .text              ro code   0x800'1928    0x14  exit.o [5]
  .text              ro code   0x800'193c    0x10  startup_stm32f401xc.o [1]
  .text              ro code   0x800'194c     0xc  cstartup_M.o [4]
  .rodata            const     0x800'1958     0x8  system_stm32f4xx.o [1]
  .text              ro code   0x800'1960     0x4  startup_stm32f401xc.o [1]
  .text              ro code   0x800'1964     0x4  startup_stm32f401xc.o [1]
  .text              ro code   0x800'1968     0x4  startup_stm32f401xc.o [1]
  .text              ro code   0x800'196c     0x4  startup_stm32f401xc.o [1]
  .text              ro code   0x800'1970     0x4  startup_stm32f401xc.o [1]
  .text              ro code   0x800'1974     0x4  startup_stm32f401xc.o [1]
  .text              ro code   0x800'1978     0x4  startup_stm32f401xc.o [1]
  .text              ro code   0x800'197c     0x4  startup_stm32f401xc.o [1]
  .text              ro code   0x800'1980     0x4  startup_stm32f401xc.o [1]
  .text              ro code   0x800'1984     0x4  startup_stm32f401xc.o [1]
  .text              ro code   0x800'1988     0x4  startup_stm32f401xc.o [1]
  .text              ro code   0x800'198c     0x4  startup_stm32f401xc.o [1]
  .text              ro code   0x800'1990     0x4  startup_stm32f401xc.o [1]
  .text              ro code   0x800'1994     0x4  startup_stm32f401xc.o [1]
  .text              ro code   0x800'1998     0x4  startup_stm32f401xc.o [1]
  .text              ro code   0x800'199c     0x4  startup_stm32f401xc.o [1]
  .text              ro code   0x800'19a0     0x4  startup_stm32f401xc.o [1]
  .text              ro code   0x800'19a4     0x4  startup_stm32f401xc.o [1]
  .text              ro code   0x800'19a8     0x4  startup_stm32f401xc.o [1]
  .text              ro code   0x800'19ac     0x4  startup_stm32f401xc.o [1]
  .text              ro code   0x800'19b0     0x4  startup_stm32f401xc.o [1]
  .text              ro code   0x800'19b4     0x4  startup_stm32f401xc.o [1]
  .text              ro code   0x800'19b8     0x4  startup_stm32f401xc.o [1]
  .text              ro code   0x800'19bc     0x4  startup_stm32f401xc.o [1]
  .text              ro code   0x800'19c0     0x4  startup_stm32f401xc.o [1]
  .text              ro code   0x800'19c4     0x4  startup_stm32f401xc.o [1]
  .text              ro code   0x800'19c8     0x4  startup_stm32f401xc.o [1]
  .text              ro code   0x800'19cc     0x4  startup_stm32f401xc.o [1]
  .text              ro code   0x800'19d0     0x4  startup_stm32f401xc.o [1]
  .text              ro code   0x800'19d4     0x4  startup_stm32f401xc.o [1]
  .text              ro code   0x800'19d8     0x4  startup_stm32f401xc.o [1]
  .text              ro code   0x800'19dc     0x4  startup_stm32f401xc.o [1]
  .text              ro code   0x800'19e0     0x4  startup_stm32f401xc.o [1]
  .text              ro code   0x800'19e4     0x4  startup_stm32f401xc.o [1]
  .text              ro code   0x800'19e8     0x4  startup_stm32f401xc.o [1]
  .text              ro code   0x800'19ec     0x4  startup_stm32f401xc.o [1]
  .text              ro code   0x800'19f0     0x4  startup_stm32f401xc.o [1]
  .text              ro code   0x800'19f4     0x4  startup_stm32f401xc.o [1]
  .text              ro code   0x800'19f8     0x4  startup_stm32f401xc.o [1]
  .text              ro code   0x800'19fc     0x4  startup_stm32f401xc.o [1]
  .text              ro code   0x800'1a00     0x4  startup_stm32f401xc.o [1]
  .text              ro code   0x800'1a04     0x4  startup_stm32f401xc.o [1]
  .text              ro code   0x800'1a08     0x4  startup_stm32f401xc.o [1]
  .text              ro code   0x800'1a0c     0x4  startup_stm32f401xc.o [1]
  .text              ro code   0x800'1a10     0x4  startup_stm32f401xc.o [1]
  .text              ro code   0x800'1a14     0x4  startup_stm32f401xc.o [1]
  .text              ro code   0x800'1a18     0x4  startup_stm32f401xc.o [1]
  .text              ro code   0x800'1a1c     0x4  startup_stm32f401xc.o [1]
  .text              ro code   0x800'1a20     0x4  startup_stm32f401xc.o [1]
  .text              ro code   0x800'1a24     0x4  startup_stm32f401xc.o [1]
  .text              ro code   0x800'1a28     0x4  startup_stm32f401xc.o [1]
  .text              ro code   0x800'1a2c     0x4  startup_stm32f401xc.o [1]
  .text              ro code   0x800'1a30     0x4  startup_stm32f401xc.o [1]
  .text              ro code   0x800'1a34     0x4  startup_stm32f401xc.o [1]
  .text              ro code   0x800'1a38     0x4  startup_stm32f401xc.o [1]
  .rodata            const     0x800'1a3c     0x0  packbits_init_single.o [4]
  Initializer bytes  const     0x800'1a3c     0xd  <for P2-1>
                             - 0x800'1a49  0x18b5

"P2", part 1 of 2:                           0x50
  P2-1                        0x2000'0000    0x50  <Init block>
    .data            inited   0x2000'0000     0xc  stm32f4xx_hal.o [1]
    .data            inited   0x2000'000c     0x4  system_stm32f4xx.o [1]
    .bss             inited   0x2000'0010    0x40  main.o [1]
                            - 0x2000'0050    0x50

"P2", part 2 of 2:                          0x400
  CSTACK                      0x2000'0050   0x400  <Block>
    CSTACK           uninit   0x2000'0050   0x400  <Block tail>
                            - 0x2000'0450   0x400

Unused ranges:

         From           To      Size
         ----           --      ----
   0x800'1a49   0x803'ffff  0x3'e5b7
  0x2000'0450  0x2000'ffff    0xfbb0


*******************************************************************************
*** INIT TABLE
***

          Address      Size
          -------      ----
Copy/packbits (__iar_packbits_init_single3)
    1 source range, total size 0xd (16% of destination):
           0x800'1a3c   0xd
    1 destination range, total size 0x50:
          0x2000'0000  0x50



*******************************************************************************
*** MODULE SUMMARY
***

    Module                  ro code  ro data  rw data
    ------                  -------  -------  -------
command line/config:
    -------------------------------------------------
    Total:

D:\test\uart_test\EWARM\uart_test\Obj: [1]
    main.o                      430       11       64
    startup_stm32f401xc.o       640
    stm32f4xx_hal.o             144        1       12
    stm32f4xx_hal_cortex.o      300       76
    stm32f4xx_hal_dma.o          36
    stm32f4xx_hal_gpio.o        736       72
    stm32f4xx_hal_msp.o         188
    stm32f4xx_hal_rcc.o       1 720       72
    stm32f4xx_hal_uart.o      1 580       72
    stm32f4xx_it.o               32
    system_stm32f4xx.o           44        9        4
    -------------------------------------------------
    Total:                    5 850      313       80

dl7M_tln.a: [2]
    exit.o                        4
    low_level_init.o              4
    -------------------------------------------------
    Total:                        8

m7M_tls.a: [3]
    fpinit_M.o                   34
    -------------------------------------------------
    Total:                       34

rt7M_tl.a: [4]
    ABImemclr4.o                  6
    ABImemset48.o                50
    I64DivMod_small.o           262
    I64DivZer.o                   2
    cexit.o                      10
    cmain.o                      30
    cstartup_M.o                 12
    data_init.o                  40
    packbits_init_single.o       56
    -------------------------------------------------
    Total:                      468

shb_l.a: [5]
    exit.o                       20
    -------------------------------------------------
    Total:                       20

    Gaps                         16        4
    Linker created                        16    1 024
-----------------------------------------------------
    Grand Total:              6 396      333    1 104


*******************************************************************************
*** ENTRY LIST
***

Entry                       Address   Size  Type      Object
-----                       -------   ----  ----      ------
.iar.init_table$$Base    0x800'18b4          --   Gb  - Linker created -
.iar.init_table$$Limit   0x800'18c4          --   Gb  - Linker created -
?main                    0x800'18f5         Code  Gb  cmain.o [4]
AHBPrescTable            0x800'1858   0x10  Data  Gb  system_stm32f4xx.o [1]
APBPrescTable            0x800'1958    0x8  Data  Gb  system_stm32f4xx.o [1]
BusFault_Handler         0x800'18cb    0x2  Code  Gb  stm32f4xx_it.o [1]
CSTACK$$Base            0x2000'0050          --   Gb  - Linker created -
CSTACK$$Limit           0x2000'0450          --   Gb  - Linker created -
DebugMon_Handler         0x800'18d1    0x2  Code  Gb  stm32f4xx_it.o [1]
HAL_DMA_Abort_IT         0x800'0a35   0x24  Code  Gb  stm32f4xx_hal_dma.o [1]
HAL_GPIO_Init            0x800'0df5  0x25a  Code  Gb  stm32f4xx_hal_gpio.o [1]
HAL_GPIO_WritePin        0x800'1061   0x32  Code  Gb  stm32f4xx_hal_gpio.o [1]
HAL_GetTick              0x800'0a29    0xc  Code  Wk  stm32f4xx_hal.o [1]
HAL_IncTick              0x800'18e5   0x10  Code  Wk  stm32f4xx_hal.o [1]
HAL_Init                 0x800'1201   0x30  Code  Gb  stm32f4xx_hal.o [1]
HAL_InitTick             0x800'1669   0x40  Code  Wk  stm32f4xx_hal.o [1]
HAL_MspInit              0x800'07bd   0x34  Code  Gb  stm32f4xx_hal_msp.o [1]
HAL_NVIC_EnableIRQ       0x800'118f   0x14  Code  Gb  stm32f4xx_hal_cortex.o [1]
HAL_NVIC_SetPriority     0x800'112d   0x62  Code  Gb  stm32f4xx_hal_cortex.o [1]
HAL_NVIC_SetPriorityGrouping
                         0x800'10f3   0x3a  Code  Gb  stm32f4xx_hal_cortex.o [1]
HAL_RCC_ClockConfig      0x800'0a61  0x1cc  Code  Gb  stm32f4xx_hal_rcc.o [1]
HAL_RCC_GetPCLK1Freq     0x800'0c3f   0x10  Code  Gb  stm32f4xx_hal_rcc.o [1]
HAL_RCC_GetPCLK2Freq     0x800'0c4f    0xe  Code  Gb  stm32f4xx_hal_rcc.o [1]
HAL_RCC_OscConfig        0x800'1235  0x434  Code  Wk  stm32f4xx_hal_rcc.o [1]
HAL_SYSTICK_Config       0x800'11ab   0x2a  Code  Gb  stm32f4xx_hal_cortex.o [1]
HAL_UART_IRQHandler      0x800'03f5  0x152  Code  Gb  stm32f4xx_hal_uart.o [1]
HAL_UART_Init            0x800'0195   0xb2  Code  Gb  stm32f4xx_hal_uart.o [1]
HAL_UART_MspInit         0x800'07f1   0x76  Code  Gb  stm32f4xx_hal_msp.o [1]
HAL_UART_Receive         0x800'032f   0xb0  Code  Gb  stm32f4xx_hal_uart.o [1]
HAL_UART_Transmit        0x800'0283   0xac  Code  Gb  stm32f4xx_hal_uart.o [1]
HardFault_Handler        0x800'18c7    0x2  Code  Gb  stm32f4xx_it.o [1]
MemManage_Handler        0x800'18c9    0x2  Code  Gb  stm32f4xx_it.o [1]
NMI_Handler              0x800'18c5    0x2  Code  Gb  stm32f4xx_it.o [1]
PendSV_Handler           0x800'18d3    0x2  Code  Gb  stm32f4xx_it.o [1]
Region$$Table$$Base      0x800'18b4          --   Gb  - Linker created -
Region$$Table$$Limit     0x800'18c4          --   Gb  - Linker created -
SVC_Handler              0x800'18cf    0x2  Code  Gb  stm32f4xx_it.o [1]
SysTick_Handler          0x800'18d5    0x4  Code  Gb  stm32f4xx_it.o [1]
SystemClock_Config       0x800'0973   0x92  Code  Gb  main.o [1]
SystemCoreClock         0x2000'000c    0x4  Data  Gb  system_stm32f4xx.o [1]
SystemInit               0x800'183d   0x14  Code  Gb  system_stm32f4xx.o [1]
UART_DMAAbortOnError     0x800'05d9    0xc  Code  Lc  stm32f4xx_hal_uart.o [1]
UART_EndRxTransfer       0x800'05bd   0x1c  Code  Lc  stm32f4xx_hal_uart.o [1]
UART_Receive_IT          0x800'05e5   0x92  Code  Lc  stm32f4xx_hal_uart.o [1]
UART_SetConfig           0x800'0677  0x11c  Code  Lc  stm32f4xx_hal_uart.o [1]
UART_WaitOnFlagUntilTimeout
                         0x800'0559   0x56  Code  Lc  stm32f4xx_hal_uart.o [1]
USART1_IRQHandler        0x800'18d9    0x6  Code  Gb  stm32f4xx_it.o [1]
UsageFault_Handler       0x800'18cd    0x2  Code  Gb  stm32f4xx_it.o [1]
__NVIC_SetPriority       0x800'10d5   0x1e  Code  Lc  stm32f4xx_hal_cortex.o [1]
__aeabi_ldiv0            0x800'16a9         Code  Gb  I64DivZer.o [4]
__aeabi_memclr4          0x800'0ded         Code  Gb  ABImemclr4.o [4]
__cmain                  0x800'18f5         Code  Gb  cmain.o [4]
__exit                   0x800'1929   0x14  Code  Gb  exit.o [5]
__iar_Memset4_word       0x800'16ad         Code  Gb  ABImemset48.o [4]
__iar_Memset8_word       0x800'16ad         Code  Gb  ABImemset48.o [4]
__iar_data_init3         0x800'1869   0x28  Code  Gb  data_init.o [4]
__iar_init_vfp           0x800'1891         Code  Gb  fpinit_M.o [3]
__iar_packbits_init_single3
                         0x800'1805   0x38  Code  Gb  packbits_init_single.o [4]
__iar_program_start      0x800'194d         Code  Gb  cstartup_M.o [4]
__iar_small_uldivmod     0x800'0ce5         Code  Gb  I64DivMod_small.o [4]
__low_level_init         0x800'1913    0x4  Code  Gb  low_level_init.o [2]
__vector_table           0x800'0000         Data  Gb  startup_stm32f401xc.o [1]
_call_main               0x800'1901         Code  Gb  cmain.o [4]
_exit                    0x800'191d         Code  Gb  cexit.o [4]
_main                    0x800'190f         Code  Gb  cmain.o [4]
assert_failed            0x800'0a25    0x2  Code  Gb  main.o [1]
exit                     0x800'1917    0x4  Code  Gb  exit.o [2]
huart1                  0x2000'0010   0x40  Data  Gb  main.o [1]
main                     0x800'0879   0xec  Code  Gb  main.o [1]
uwTick                  0x2000'0004    0x4  Data  Gb  stm32f4xx_hal.o [1]
uwTickFreq              0x2000'0000    0x1  Data  Gb  stm32f4xx_hal.o [1]
uwTickPrio              0x2000'0008    0x4  Data  Gb  stm32f4xx_hal.o [1]


[1] = D:\test\uart_test\EWARM\uart_test\Obj
[2] = dl7M_tln.a
[3] = m7M_tls.a
[4] = rt7M_tl.a
[5] = shb_l.a

  6 396 bytes of readonly  code memory
    333 bytes of readonly  data memory
  1 104 bytes of readwrite data memory

Errors: none
Warnings: none
